../Core/Src/main.c:101:5:main	48	static
../Core/Src/main.c:178:6:SystemClock_Config	88	static
../Core/Src/main.c:220:13:MX_I2C1_Init	8	static
../Core/Src/main.c:254:13:MX_USART1_UART_Init	8	static
../Core/Src/main.c:287:13:MX_USART6_UART_Init	8	static
../Core/Src/main.c:320:13:MX_GPIO_Init	40	static
../Core/Src/main.c:367:6:WORLD_ENGINE_debug_task	16	static
../Core/Src/main.c:384:6:WORLD_ENGINE_read_board_voltage	16	static
../Core/Src/main.c:400:6:WORLD_ENGINE_read_inhibit_switch	16	static
../Core/Src/main.c:417:6:WORLD_ENGINE_activate_board	16	static
../Core/Src/main.c:433:6:WORLD_ENGINE_deactivate_board	16	static
../Core/Src/main.c:449:6:WORLD_ENGINE_read_mpu_6050	16	static
../Core/Src/main.c:465:6:WORLD_ENGINE_read_magnetometer	16	static
../Core/Src/main.c:482:6:WORLD_ENGINE_read_adxl	16	static
../Core/Src/main.c:499:6:WORLD_ENGINE_read_sun_sensors	16	static
../Core/Src/main.c:521:6:StartDefaultTask	16	static
../Core/Src/main.c:540:6:HAL_TIM_PeriodElapsedCallback	16	static
../Core/Src/main.c:558:6:Error_Handler	4	static,ignoring_inline_asm
