../Core/Src/W25Qxx.c:4:6:external_flash_delay	16	static
../Core/Src/W25Qxx.c:8:6:cs_low	8	static
../Core/Src/W25Qxx.c:12:6:cs_high	8	static
../Core/Src/W25Qxx.c:16:6:external_flash_spi_write	16	static
../Core/Src/W25Qxx.c:20:6:external_flash_spi_read	16	static
../Core/Src/W25Qxx.c:24:6:external_flash_reset	16	static
../Core/Src/W25Qxx.c:36:10:external_flash_read_ID	16	static
../Core/Src/W25Qxx.c:55:6:external_flash_read	40	static
../Core/Src/W25Qxx.c:90:6:external_flash_fast_read	40	static
../Core/Src/W25Qxx.c:129:6:external_flash_enable_write	16	static
../Core/Src/W25Qxx.c:140:6:external_flash_disable_write	16	static
../Core/Src/W25Qxx.c:151:6:external_flash_erase_sector	32	static
