../Core/Src/main.c:81:5:main	160	static
../Core/Src/main.c:181:6:SystemClock_Config	72	static
../Core/Src/main.c:218:13:MX_USART1_UART_Init	8	static
../Core/Src/main.c:251:13:MX_GPIO_Init	32	static
../Core/Src/main.c:279:6:x_task_onboard_led_blink	40	static
../Core/Src/main.c:296:6:x_task_monitor_heap	48	static
../Core/Src/main.c:322:6:x_task_print_to_serial	48	static
../Core/Src/main.c:349:6:StartDefaultTask	16	static
../Core/Src/main.c:368:6:HAL_TIM_PeriodElapsedCallback	16	static
../Core/Src/main.c:386:6:Error_Handler	4	static,ignoring_inline_asm
