../Core/Src/main.c:80:5:main	136	static
../Core/Src/main.c:173:6:SystemClock_Config	72	static
../Core/Src/main.c:210:13:MX_USART1_UART_Init	8	static
../Core/Src/main.c:243:13:MX_GPIO_Init	32	static
../Core/Src/main.c:271:6:x_task_onboard_led_blink	16	static
../Core/Src/main.c:280:6:x_task_monitor_heap	24	static
../Core/Src/main.c:296:6:x_task_print_to_serial	48	static
../Core/Src/main.c:323:6:StartDefaultTask	16	static
../Core/Src/main.c:342:6:HAL_TIM_PeriodElapsedCallback	16	static
../Core/Src/main.c:360:6:Error_Handler	4	static,ignoring_inline_asm
